// Jest Snapshot v1, https://goo.gl/fbAQLP

exports[` 1`] = `"/t_200/cat.jpg"`;
