// Jest Snapshot v1, https://goo.gl/fbAQLP

exports[`Analyze Bad files analyze ImageDefinition for zero-byte-file should return valid ImageDefinition 1`] = `"Unsupported type"`;
